// Vitest Snapshot v1, https://vitest.dev/guide/snapshot.html

exports[`Usage Metrics > Integration: Upsert and Get Usage > should correctly retrieve historical billing months > historical-usage-july-2026 1`] = `
{
  "canisters": [
    {
      "burned_cycles": 1200n,
      "canister_id": {
        "__principal__": "2vxsx-fae",
      },
      "compute_allocation": 1n,
      "compute_allocation_percent": 1n,
      "compute_time_seconds_total": 6n,
      "http_outcalls": 110n,
      "ingress_induction": 300n,
      "ingress_induction_bytes_total": 400n,
      "instructions": 500n,
      "memory": 100n,
      "memory_bytes": 200n,
      "request_and_response_transmission": 700n,
      "transmission_bytes_total": 800n,
      "uninstall": 90n,
      "uninstalls_total": 100n,
    },
  ],
  "project": {
    "burned_cycles": 1200n,
    "compute_allocation": 1n,
    "compute_allocation_percent": 1n,
    "compute_time_seconds_total": 6n,
    "http_outcalls": 110n,
    "ingress_induction": 300n,
    "ingress_induction_bytes_total": 400n,
    "instructions": 500n,
    "memory": 100n,
    "memory_bytes": 200n,
    "request_and_response_transmission": 700n,
    "transmission_bytes_total": 800n,
    "uninstall": 90n,
    "uninstalls_total": 100n,
  },
}
`;

exports[`Usage Metrics > Integration: Upsert and Get Usage > should correctly retrieve historical billing months > historical-usage-june-2026 1`] = `
{
  "canisters": [
    {
      "burned_cycles": 1200n,
      "canister_id": {
        "__principal__": "2vxsx-fae",
      },
      "compute_allocation": 1n,
      "compute_allocation_percent": 1n,
      "compute_time_seconds_total": 6n,
      "http_outcalls": 110n,
      "ingress_induction": 300n,
      "ingress_induction_bytes_total": 400n,
      "instructions": 500n,
      "memory": 100n,
      "memory_bytes": 200n,
      "request_and_response_transmission": 700n,
      "transmission_bytes_total": 800n,
      "uninstall": 90n,
      "uninstalls_total": 100n,
    },
  ],
  "project": {
    "burned_cycles": 1200n,
    "compute_allocation": 1n,
    "compute_allocation_percent": 1n,
    "compute_time_seconds_total": 6n,
    "http_outcalls": 110n,
    "ingress_induction": 300n,
    "ingress_induction_bytes_total": 400n,
    "instructions": 500n,
    "memory": 100n,
    "memory_bytes": 200n,
    "request_and_response_transmission": 700n,
    "transmission_bytes_total": 800n,
    "uninstall": 90n,
    "uninstalls_total": 100n,
  },
}
`;

exports[`Usage Metrics > Integration: Upsert and Get Usage > should upsert usage across multiple canisters and correctly aggregate project usage > project-1-usage 1`] = `
{
  "canisters": [
    {
      "burned_cycles": 3600n,
      "canister_id": {
        "__principal__": "2vxsx-fae",
      },
      "compute_allocation": 3n,
      "compute_allocation_percent": 3n,
      "compute_time_seconds_total": 18n,
      "http_outcalls": 330n,
      "ingress_induction": 900n,
      "ingress_induction_bytes_total": 1200n,
      "instructions": 1500n,
      "memory": 300n,
      "memory_bytes": 600n,
      "request_and_response_transmission": 2100n,
      "transmission_bytes_total": 2400n,
      "uninstall": 270n,
      "uninstalls_total": 300n,
    },
    {
      "burned_cycles": 4800n,
      "canister_id": {
        "__principal__": "2vxsx-fae",
      },
      "compute_allocation": 4n,
      "compute_allocation_percent": 4n,
      "compute_time_seconds_total": 24n,
      "http_outcalls": 440n,
      "ingress_induction": 1200n,
      "ingress_induction_bytes_total": 1600n,
      "instructions": 2000n,
      "memory": 400n,
      "memory_bytes": 800n,
      "request_and_response_transmission": 2800n,
      "transmission_bytes_total": 3200n,
      "uninstall": 360n,
      "uninstalls_total": 400n,
    },
    {
      "burned_cycles": 6000n,
      "canister_id": {
        "__principal__": "2vxsx-fae",
      },
      "compute_allocation": 5n,
      "compute_allocation_percent": 5n,
      "compute_time_seconds_total": 30n,
      "http_outcalls": 550n,
      "ingress_induction": 1500n,
      "ingress_induction_bytes_total": 2000n,
      "instructions": 2500n,
      "memory": 500n,
      "memory_bytes": 1000n,
      "request_and_response_transmission": 3500n,
      "transmission_bytes_total": 4000n,
      "uninstall": 450n,
      "uninstalls_total": 500n,
    },
  ],
  "project": {
    "burned_cycles": 14400n,
    "compute_allocation": 12n,
    "compute_allocation_percent": 12n,
    "compute_time_seconds_total": 72n,
    "http_outcalls": 1320n,
    "ingress_induction": 3600n,
    "ingress_induction_bytes_total": 4800n,
    "instructions": 6000n,
    "memory": 1200n,
    "memory_bytes": 2400n,
    "request_and_response_transmission": 8400n,
    "transmission_bytes_total": 9600n,
    "uninstall": 1080n,
    "uninstalls_total": 1200n,
  },
}
`;

exports[`Usage Metrics > Integration: Upsert and Get Usage > should upsert usage across multiple canisters and correctly aggregate project usage > project-2-usage 1`] = `
{
  "canisters": [
    {
      "burned_cycles": 7200n,
      "canister_id": {
        "__principal__": "2vxsx-fae",
      },
      "compute_allocation": 6n,
      "compute_allocation_percent": 6n,
      "compute_time_seconds_total": 36n,
      "http_outcalls": 660n,
      "ingress_induction": 1800n,
      "ingress_induction_bytes_total": 2400n,
      "instructions": 3000n,
      "memory": 600n,
      "memory_bytes": 1200n,
      "request_and_response_transmission": 4200n,
      "transmission_bytes_total": 4800n,
      "uninstall": 540n,
      "uninstalls_total": 600n,
    },
    {
      "burned_cycles": 8400n,
      "canister_id": {
        "__principal__": "2vxsx-fae",
      },
      "compute_allocation": 7n,
      "compute_allocation_percent": 7n,
      "compute_time_seconds_total": 42n,
      "http_outcalls": 770n,
      "ingress_induction": 2100n,
      "ingress_induction_bytes_total": 2800n,
      "instructions": 3500n,
      "memory": 700n,
      "memory_bytes": 1400n,
      "request_and_response_transmission": 4900n,
      "transmission_bytes_total": 5600n,
      "uninstall": 630n,
      "uninstalls_total": 700n,
    },
    {
      "burned_cycles": 9600n,
      "canister_id": {
        "__principal__": "2vxsx-fae",
      },
      "compute_allocation": 8n,
      "compute_allocation_percent": 8n,
      "compute_time_seconds_total": 48n,
      "http_outcalls": 880n,
      "ingress_induction": 2400n,
      "ingress_induction_bytes_total": 3200n,
      "instructions": 4000n,
      "memory": 800n,
      "memory_bytes": 1600n,
      "request_and_response_transmission": 5600n,
      "transmission_bytes_total": 6400n,
      "uninstall": 720n,
      "uninstalls_total": 800n,
    },
  ],
  "project": {
    "burned_cycles": 25200n,
    "compute_allocation": 21n,
    "compute_allocation_percent": 21n,
    "compute_time_seconds_total": 126n,
    "http_outcalls": 2310n,
    "ingress_induction": 6300n,
    "ingress_induction_bytes_total": 8400n,
    "instructions": 10500n,
    "memory": 2100n,
    "memory_bytes": 4200n,
    "request_and_response_transmission": 14700n,
    "transmission_bytes_total": 16800n,
    "uninstall": 1890n,
    "uninstalls_total": 2100n,
  },
}
`;
